// Jest Snapshot v1, https://goo.gl/fbAQLP

exports[`App should render without crashing 1`] = `
"<div className=\\"App\\">
  <div>
    <h1 style={{...}}>
      Verkada App
    </h1>
  </div>
  <div style={{...}}>
    <div style={{...}}>
      <Thumbsnails listHeight={600} listWidth={900} numberOfRowsToRender={10} rowHeight={350} thumbsInRow={3} allowedTimestampsIntervals={{...}} interval={20} lastTimeStamp={1503031520} startingTimeStamp={1500348260} thumbExtension=\\".jpg\\" urlPath=\\"http://hiring.verkada.com/thumbs/\\" />
    </div>
  </div>
</div>"
`;
