// Jest Snapshot v1, https://goo.gl/fbAQLP

exports[`App should render without crashing 1`] = `
"<App>
  <div className=\\"App\\">
    <div>
      <h1 style={{...}}>
        Verkada App
      </h1>
    </div>
    <div style={{...}}>
      <Thumbsnails listHeight={600} listWidth={900} numberOfRowsToRender={100} rowHeight={200} allowedTimestampsIntervals={{...}} interval={20} lastTimeStamp={1503031520} startingTimeStamp={1500348260} thumbExtension=\\".jpg\\" urlPath=\\"http://hiring.verkada.com/thumbs/\\">
        <div>
          <div onScroll={[Function: debounced]} style={{...}}>
            <div style={{...}}>
              <div style={{...}}>
                <img alt={1500348280} src=\\"http://hiring.verkada.com/thumbs/1500348280.jpg\\" style={{...}} />
                <img alt={1500348300} src=\\"http://hiring.verkada.com/thumbs/1500348300.jpg\\" style={{...}} />
                <img alt={1500348320} src=\\"http://hiring.verkada.com/thumbs/1500348320.jpg\\" style={{...}} />
              </div>
              <div style={{...}}>
                <img alt={1500348340} src=\\"http://hiring.verkada.com/thumbs/1500348340.jpg\\" style={{...}} />
                <img alt={1500348360} src=\\"http://hiring.verkada.com/thumbs/1500348360.jpg\\" style={{...}} />
                <img alt={1500348380} src=\\"http://hiring.verkada.com/thumbs/1500348380.jpg\\" style={{...}} />
              </div>
              <div style={{...}}>
                <img alt={1500348400} src=\\"http://hiring.verkada.com/thumbs/1500348400.jpg\\" style={{...}} />
                <img alt={1500348420} src=\\"http://hiring.verkada.com/thumbs/1500348420.jpg\\" style={{...}} />
                <img alt={1500348440} src=\\"http://hiring.verkada.com/thumbs/1500348440.jpg\\" style={{...}} />
              </div>
              <div style={{...}}>
                <img alt={1500348460} src=\\"http://hiring.verkada.com/thumbs/1500348460.jpg\\" style={{...}} />
                <img alt={1500348480} src=\\"http://hiring.verkada.com/thumbs/1500348480.jpg\\" style={{...}} />
                <img alt={1500348500} src=\\"http://hiring.verkada.com/thumbs/1500348500.jpg\\" style={{...}} />
              </div>
              <div style={{...}}>
                <img alt={1500348520} src=\\"http://hiring.verkada.com/thumbs/1500348520.jpg\\" style={{...}} />
                <img alt={1500348540} src=\\"http://hiring.verkada.com/thumbs/1500348540.jpg\\" style={{...}} />
                <img alt={1500348560} src=\\"http://hiring.verkada.com/thumbs/1500348560.jpg\\" style={{...}} />
              </div>
              <div style={{...}}>
                <img alt={1500348580} src=\\"http://hiring.verkada.com/thumbs/1500348580.jpg\\" style={{...}} />
                <img alt={1500348600} src=\\"http://hiring.verkada.com/thumbs/1500348600.jpg\\" style={{...}} />
                <img alt={1500348620} src=\\"http://hiring.verkada.com/thumbs/1500348620.jpg\\" style={{...}} />
              </div>
              <div style={{...}}>
                <img alt={1500348640} src=\\"http://hiring.verkada.com/thumbs/1500348640.jpg\\" style={{...}} />
                <img alt={1500348660} src=\\"http://hiring.verkada.com/thumbs/1500348660.jpg\\" style={{...}} />
                <img alt={1500348680} src=\\"http://hiring.verkada.com/thumbs/1500348680.jpg\\" style={{...}} />
              </div>
              <div style={{...}}>
                <img alt={1500348700} src=\\"http://hiring.verkada.com/thumbs/1500348700.jpg\\" style={{...}} />
                <img alt={1500348720} src=\\"http://hiring.verkada.com/thumbs/1500348720.jpg\\" style={{...}} />
                <img alt={1500348740} src=\\"http://hiring.verkada.com/thumbs/1500348740.jpg\\" style={{...}} />
              </div>
              <div style={{...}}>
                <img alt={1500348760} src=\\"http://hiring.verkada.com/thumbs/1500348760.jpg\\" style={{...}} />
                <img alt={1500348780} src=\\"http://hiring.verkada.com/thumbs/1500348780.jpg\\" style={{...}} />
                <img alt={1500348800} src=\\"http://hiring.verkada.com/thumbs/1500348800.jpg\\" style={{...}} />
              </div>
              <div style={{...}}>
                <img alt={1500348820} src=\\"http://hiring.verkada.com/thumbs/1500348820.jpg\\" style={{...}} />
                <img alt={1500348840} src=\\"http://hiring.verkada.com/thumbs/1500348840.jpg\\" style={{...}} />
                <img alt={1500348860} src=\\"http://hiring.verkada.com/thumbs/1500348860.jpg\\" style={{...}} />
              </div>
              <div style={{...}}>
                <img alt={1500348880} src=\\"http://hiring.verkada.com/thumbs/1500348880.jpg\\" style={{...}} />
                <img alt={1500348900} src=\\"http://hiring.verkada.com/thumbs/1500348900.jpg\\" style={{...}} />
                <img alt={1500348920} src=\\"http://hiring.verkada.com/thumbs/1500348920.jpg\\" style={{...}} />
              </div>
              <div style={{...}}>
                <img alt={1500348940} src=\\"http://hiring.verkada.com/thumbs/1500348940.jpg\\" style={{...}} />
                <img alt={1500348960} src=\\"http://hiring.verkada.com/thumbs/1500348960.jpg\\" style={{...}} />
                <img alt={1500348980} src=\\"http://hiring.verkada.com/thumbs/1500348980.jpg\\" style={{...}} />
              </div>
              <div style={{...}}>
                <img alt={1500349000} src=\\"http://hiring.verkada.com/thumbs/1500349000.jpg\\" style={{...}} />
                <img alt={1500349020} src=\\"http://hiring.verkada.com/thumbs/1500349020.jpg\\" style={{...}} />
                <img alt={1500349040} src=\\"http://hiring.verkada.com/thumbs/1500349040.jpg\\" style={{...}} />
              </div>
              <div style={{...}}>
                <img alt={1500349060} src=\\"http://hiring.verkada.com/thumbs/1500349060.jpg\\" style={{...}} />
                <img alt={1500349080} src=\\"http://hiring.verkada.com/thumbs/1500349080.jpg\\" style={{...}} />
                <img alt={1500349100} src=\\"http://hiring.verkada.com/thumbs/1500349100.jpg\\" style={{...}} />
              </div>
              <div style={{...}}>
                <img alt={1500349120} src=\\"http://hiring.verkada.com/thumbs/1500349120.jpg\\" style={{...}} />
                <img alt={1500349140} src=\\"http://hiring.verkada.com/thumbs/1500349140.jpg\\" style={{...}} />
                <img alt={1500349160} src=\\"http://hiring.verkada.com/thumbs/1500349160.jpg\\" style={{...}} />
              </div>
              <div style={{...}}>
                <img alt={1500349180} src=\\"http://hiring.verkada.com/thumbs/1500349180.jpg\\" style={{...}} />
                <img alt={1500349200} src=\\"http://hiring.verkada.com/thumbs/1500349200.jpg\\" style={{...}} />
                <img alt={1500349220} src=\\"http://hiring.verkada.com/thumbs/1500349220.jpg\\" style={{...}} />
              </div>
              <div style={{...}}>
                <img alt={1500349240} src=\\"http://hiring.verkada.com/thumbs/1500349240.jpg\\" style={{...}} />
                <img alt={1500349260} src=\\"http://hiring.verkada.com/thumbs/1500349260.jpg\\" style={{...}} />
                <img alt={1500349280} src=\\"http://hiring.verkada.com/thumbs/1500349280.jpg\\" style={{...}} />
              </div>
              <div style={{...}}>
                <img alt={1500349300} src=\\"http://hiring.verkada.com/thumbs/1500349300.jpg\\" style={{...}} />
                <img alt={1500349320} src=\\"http://hiring.verkada.com/thumbs/1500349320.jpg\\" style={{...}} />
                <img alt={1500349340} src=\\"http://hiring.verkada.com/thumbs/1500349340.jpg\\" style={{...}} />
              </div>
              <div style={{...}}>
                <img alt={1500349360} src=\\"http://hiring.verkada.com/thumbs/1500349360.jpg\\" style={{...}} />
                <img alt={1500349380} src=\\"http://hiring.verkada.com/thumbs/1500349380.jpg\\" style={{...}} />
                <img alt={1500349400} src=\\"http://hiring.verkada.com/thumbs/1500349400.jpg\\" style={{...}} />
              </div>
              <div style={{...}}>
                <img alt={1500349420} src=\\"http://hiring.verkada.com/thumbs/1500349420.jpg\\" style={{...}} />
                <img alt={1500349440} src=\\"http://hiring.verkada.com/thumbs/1500349440.jpg\\" style={{...}} />
                <img alt={1500349460} src=\\"http://hiring.verkada.com/thumbs/1500349460.jpg\\" style={{...}} />
              </div>
              <div style={{...}}>
                <img alt={1500349480} src=\\"http://hiring.verkada.com/thumbs/1500349480.jpg\\" style={{...}} />
                <img alt={1500349500} src=\\"http://hiring.verkada.com/thumbs/1500349500.jpg\\" style={{...}} />
                <img alt={1500349520} src=\\"http://hiring.verkada.com/thumbs/1500349520.jpg\\" style={{...}} />
              </div>
              <div style={{...}}>
                <img alt={1500349540} src=\\"http://hiring.verkada.com/thumbs/1500349540.jpg\\" style={{...}} />
                <img alt={1500349560} src=\\"http://hiring.verkada.com/thumbs/1500349560.jpg\\" style={{...}} />
                <img alt={1500349580} src=\\"http://hiring.verkada.com/thumbs/1500349580.jpg\\" style={{...}} />
              </div>
              <div style={{...}}>
                <img alt={1500349600} src=\\"http://hiring.verkada.com/thumbs/1500349600.jpg\\" style={{...}} />
                <img alt={1500349620} src=\\"http://hiring.verkada.com/thumbs/1500349620.jpg\\" style={{...}} />
                <img alt={1500349640} src=\\"http://hiring.verkada.com/thumbs/1500349640.jpg\\" style={{...}} />
              </div>
              <div style={{...}}>
                <img alt={1500349660} src=\\"http://hiring.verkada.com/thumbs/1500349660.jpg\\" style={{...}} />
                <img alt={1500349680} src=\\"http://hiring.verkada.com/thumbs/1500349680.jpg\\" style={{...}} />
                <img alt={1500349700} src=\\"http://hiring.verkada.com/thumbs/1500349700.jpg\\" style={{...}} />
              </div>
              <div style={{...}}>
                <img alt={1500349720} src=\\"http://hiring.verkada.com/thumbs/1500349720.jpg\\" style={{...}} />
                <img alt={1500349740} src=\\"http://hiring.verkada.com/thumbs/1500349740.jpg\\" style={{...}} />
                <img alt={1500349760} src=\\"http://hiring.verkada.com/thumbs/1500349760.jpg\\" style={{...}} />
              </div>
              <div style={{...}}>
                <img alt={1500349780} src=\\"http://hiring.verkada.com/thumbs/1500349780.jpg\\" style={{...}} />
                <img alt={1500349800} src=\\"http://hiring.verkada.com/thumbs/1500349800.jpg\\" style={{...}} />
                <img alt={1500349820} src=\\"http://hiring.verkada.com/thumbs/1500349820.jpg\\" style={{...}} />
              </div>
              <div style={{...}}>
                <img alt={1500349840} src=\\"http://hiring.verkada.com/thumbs/1500349840.jpg\\" style={{...}} />
                <img alt={1500349860} src=\\"http://hiring.verkada.com/thumbs/1500349860.jpg\\" style={{...}} />
                <img alt={1500349880} src=\\"http://hiring.verkada.com/thumbs/1500349880.jpg\\" style={{...}} />
              </div>
              <div style={{...}}>
                <img alt={1500349900} src=\\"http://hiring.verkada.com/thumbs/1500349900.jpg\\" style={{...}} />
                <img alt={1500349920} src=\\"http://hiring.verkada.com/thumbs/1500349920.jpg\\" style={{...}} />
                <img alt={1500349940} src=\\"http://hiring.verkada.com/thumbs/1500349940.jpg\\" style={{...}} />
              </div>
              <div style={{...}}>
                <img alt={1500349960} src=\\"http://hiring.verkada.com/thumbs/1500349960.jpg\\" style={{...}} />
                <img alt={1500349980} src=\\"http://hiring.verkada.com/thumbs/1500349980.jpg\\" style={{...}} />
                <img alt={1500350000} src=\\"http://hiring.verkada.com/thumbs/1500350000.jpg\\" style={{...}} />
              </div>
              <div style={{...}}>
                <img alt={1500350020} src=\\"http://hiring.verkada.com/thumbs/1500350020.jpg\\" style={{...}} />
                <img alt={1500350040} src=\\"http://hiring.verkada.com/thumbs/1500350040.jpg\\" style={{...}} />
                <img alt={1500350060} src=\\"http://hiring.verkada.com/thumbs/1500350060.jpg\\" style={{...}} />
              </div>
              <div style={{...}}>
                <img alt={1500350080} src=\\"http://hiring.verkada.com/thumbs/1500350080.jpg\\" style={{...}} />
                <img alt={1500350100} src=\\"http://hiring.verkada.com/thumbs/1500350100.jpg\\" style={{...}} />
                <img alt={1500350120} src=\\"http://hiring.verkada.com/thumbs/1500350120.jpg\\" style={{...}} />
              </div>
              <div style={{...}}>
                <img alt={1500350140} src=\\"http://hiring.verkada.com/thumbs/1500350140.jpg\\" style={{...}} />
                <img alt={1500350160} src=\\"http://hiring.verkada.com/thumbs/1500350160.jpg\\" style={{...}} />
                <img alt={1500350180} src=\\"http://hiring.verkada.com/thumbs/1500350180.jpg\\" style={{...}} />
              </div>
              <div style={{...}}>
                <img alt={1500350200} src=\\"http://hiring.verkada.com/thumbs/1500350200.jpg\\" style={{...}} />
                <img alt={1500350220} src=\\"http://hiring.verkada.com/thumbs/1500350220.jpg\\" style={{...}} />
                <img alt={1500350240} src=\\"http://hiring.verkada.com/thumbs/1500350240.jpg\\" style={{...}} />
              </div>
              <div style={{...}}>
                <img alt={1500350260} src=\\"http://hiring.verkada.com/thumbs/1500350260.jpg\\" style={{...}} />
                <img alt={1500350280} src=\\"http://hiring.verkada.com/thumbs/1500350280.jpg\\" style={{...}} />
                <img alt={1500350300} src=\\"http://hiring.verkada.com/thumbs/1500350300.jpg\\" style={{...}} />
              </div>
              <div style={{...}}>
                <img alt={1500350320} src=\\"http://hiring.verkada.com/thumbs/1500350320.jpg\\" style={{...}} />
                <img alt={1500350340} src=\\"http://hiring.verkada.com/thumbs/1500350340.jpg\\" style={{...}} />
                <img alt={1500350360} src=\\"http://hiring.verkada.com/thumbs/1500350360.jpg\\" style={{...}} />
              </div>
              <div style={{...}}>
                <img alt={1500350380} src=\\"http://hiring.verkada.com/thumbs/1500350380.jpg\\" style={{...}} />
                <img alt={1500350400} src=\\"http://hiring.verkada.com/thumbs/1500350400.jpg\\" style={{...}} />
                <img alt={1500350420} src=\\"http://hiring.verkada.com/thumbs/1500350420.jpg\\" style={{...}} />
              </div>
              <div style={{...}}>
                <img alt={1500350440} src=\\"http://hiring.verkada.com/thumbs/1500350440.jpg\\" style={{...}} />
                <img alt={1500350460} src=\\"http://hiring.verkada.com/thumbs/1500350460.jpg\\" style={{...}} />
                <img alt={1500350480} src=\\"http://hiring.verkada.com/thumbs/1500350480.jpg\\" style={{...}} />
              </div>
              <div style={{...}}>
                <img alt={1500350500} src=\\"http://hiring.verkada.com/thumbs/1500350500.jpg\\" style={{...}} />
                <img alt={1500350520} src=\\"http://hiring.verkada.com/thumbs/1500350520.jpg\\" style={{...}} />
                <img alt={1500350540} src=\\"http://hiring.verkada.com/thumbs/1500350540.jpg\\" style={{...}} />
              </div>
              <div style={{...}}>
                <img alt={1500350560} src=\\"http://hiring.verkada.com/thumbs/1500350560.jpg\\" style={{...}} />
                <img alt={1500350580} src=\\"http://hiring.verkada.com/thumbs/1500350580.jpg\\" style={{...}} />
                <img alt={1500350600} src=\\"http://hiring.verkada.com/thumbs/1500350600.jpg\\" style={{...}} />
              </div>
              <div style={{...}}>
                <img alt={1500350620} src=\\"http://hiring.verkada.com/thumbs/1500350620.jpg\\" style={{...}} />
                <img alt={1500350640} src=\\"http://hiring.verkada.com/thumbs/1500350640.jpg\\" style={{...}} />
                <img alt={1500350660} src=\\"http://hiring.verkada.com/thumbs/1500350660.jpg\\" style={{...}} />
              </div>
              <div style={{...}}>
                <img alt={1500350680} src=\\"http://hiring.verkada.com/thumbs/1500350680.jpg\\" style={{...}} />
                <img alt={1500350700} src=\\"http://hiring.verkada.com/thumbs/1500350700.jpg\\" style={{...}} />
                <img alt={1500350720} src=\\"http://hiring.verkada.com/thumbs/1500350720.jpg\\" style={{...}} />
              </div>
              <div style={{...}}>
                <img alt={1500350740} src=\\"http://hiring.verkada.com/thumbs/1500350740.jpg\\" style={{...}} />
                <img alt={1500350760} src=\\"http://hiring.verkada.com/thumbs/1500350760.jpg\\" style={{...}} />
                <img alt={1500350780} src=\\"http://hiring.verkada.com/thumbs/1500350780.jpg\\" style={{...}} />
              </div>
              <div style={{...}}>
                <img alt={1500350800} src=\\"http://hiring.verkada.com/thumbs/1500350800.jpg\\" style={{...}} />
                <img alt={1500350820} src=\\"http://hiring.verkada.com/thumbs/1500350820.jpg\\" style={{...}} />
                <img alt={1500350840} src=\\"http://hiring.verkada.com/thumbs/1500350840.jpg\\" style={{...}} />
              </div>
              <div style={{...}}>
                <img alt={1500350860} src=\\"http://hiring.verkada.com/thumbs/1500350860.jpg\\" style={{...}} />
                <img alt={1500350880} src=\\"http://hiring.verkada.com/thumbs/1500350880.jpg\\" style={{...}} />
                <img alt={1500350900} src=\\"http://hiring.verkada.com/thumbs/1500350900.jpg\\" style={{...}} />
              </div>
              <div style={{...}}>
                <img alt={1500350920} src=\\"http://hiring.verkada.com/thumbs/1500350920.jpg\\" style={{...}} />
                <img alt={1500350940} src=\\"http://hiring.verkada.com/thumbs/1500350940.jpg\\" style={{...}} />
                <img alt={1500350960} src=\\"http://hiring.verkada.com/thumbs/1500350960.jpg\\" style={{...}} />
              </div>
              <div style={{...}}>
                <img alt={1500350980} src=\\"http://hiring.verkada.com/thumbs/1500350980.jpg\\" style={{...}} />
                <img alt={1500351000} src=\\"http://hiring.verkada.com/thumbs/1500351000.jpg\\" style={{...}} />
                <img alt={1500351020} src=\\"http://hiring.verkada.com/thumbs/1500351020.jpg\\" style={{...}} />
              </div>
              <div style={{...}}>
                <img alt={1500351040} src=\\"http://hiring.verkada.com/thumbs/1500351040.jpg\\" style={{...}} />
                <img alt={1500351060} src=\\"http://hiring.verkada.com/thumbs/1500351060.jpg\\" style={{...}} />
                <img alt={1500351080} src=\\"http://hiring.verkada.com/thumbs/1500351080.jpg\\" style={{...}} />
              </div>
              <div style={{...}}>
                <img alt={1500351100} src=\\"http://hiring.verkada.com/thumbs/1500351100.jpg\\" style={{...}} />
                <img alt={1500351120} src=\\"http://hiring.verkada.com/thumbs/1500351120.jpg\\" style={{...}} />
                <img alt={1500351140} src=\\"http://hiring.verkada.com/thumbs/1500351140.jpg\\" style={{...}} />
              </div>
              <div style={{...}}>
                <img alt={1500351160} src=\\"http://hiring.verkada.com/thumbs/1500351160.jpg\\" style={{...}} />
                <img alt={1500351180} src=\\"http://hiring.verkada.com/thumbs/1500351180.jpg\\" style={{...}} />
                <img alt={1500351200} src=\\"http://hiring.verkada.com/thumbs/1500351200.jpg\\" style={{...}} />
              </div>
              <div style={{...}}>
                <img alt={1500351220} src=\\"http://hiring.verkada.com/thumbs/1500351220.jpg\\" style={{...}} />
                <img alt={1500351240} src=\\"http://hiring.verkada.com/thumbs/1500351240.jpg\\" style={{...}} />
                <img alt={1500351260} src=\\"http://hiring.verkada.com/thumbs/1500351260.jpg\\" style={{...}} />
              </div>
              <div style={{...}}>
                <img alt={1500351280} src=\\"http://hiring.verkada.com/thumbs/1500351280.jpg\\" style={{...}} />
                <img alt={1500351300} src=\\"http://hiring.verkada.com/thumbs/1500351300.jpg\\" style={{...}} />
                <img alt={1500351320} src=\\"http://hiring.verkada.com/thumbs/1500351320.jpg\\" style={{...}} />
              </div>
              <div style={{...}}>
                <img alt={1500351340} src=\\"http://hiring.verkada.com/thumbs/1500351340.jpg\\" style={{...}} />
                <img alt={1500351360} src=\\"http://hiring.verkada.com/thumbs/1500351360.jpg\\" style={{...}} />
                <img alt={1500351380} src=\\"http://hiring.verkada.com/thumbs/1500351380.jpg\\" style={{...}} />
              </div>
              <div style={{...}}>
                <img alt={1500351400} src=\\"http://hiring.verkada.com/thumbs/1500351400.jpg\\" style={{...}} />
                <img alt={1500351420} src=\\"http://hiring.verkada.com/thumbs/1500351420.jpg\\" style={{...}} />
                <img alt={1500351440} src=\\"http://hiring.verkada.com/thumbs/1500351440.jpg\\" style={{...}} />
              </div>
              <div style={{...}}>
                <img alt={1500351460} src=\\"http://hiring.verkada.com/thumbs/1500351460.jpg\\" style={{...}} />
                <img alt={1500351480} src=\\"http://hiring.verkada.com/thumbs/1500351480.jpg\\" style={{...}} />
                <img alt={1500351500} src=\\"http://hiring.verkada.com/thumbs/1500351500.jpg\\" style={{...}} />
              </div>
              <div style={{...}}>
                <img alt={1500351520} src=\\"http://hiring.verkada.com/thumbs/1500351520.jpg\\" style={{...}} />
                <img alt={1500351540} src=\\"http://hiring.verkada.com/thumbs/1500351540.jpg\\" style={{...}} />
                <img alt={1500351560} src=\\"http://hiring.verkada.com/thumbs/1500351560.jpg\\" style={{...}} />
              </div>
              <div style={{...}}>
                <img alt={1500351580} src=\\"http://hiring.verkada.com/thumbs/1500351580.jpg\\" style={{...}} />
                <img alt={1500351600} src=\\"http://hiring.verkada.com/thumbs/1500351600.jpg\\" style={{...}} />
                <img alt={1500351620} src=\\"http://hiring.verkada.com/thumbs/1500351620.jpg\\" style={{...}} />
              </div>
              <div style={{...}}>
                <img alt={1500351640} src=\\"http://hiring.verkada.com/thumbs/1500351640.jpg\\" style={{...}} />
                <img alt={1500351660} src=\\"http://hiring.verkada.com/thumbs/1500351660.jpg\\" style={{...}} />
                <img alt={1500351680} src=\\"http://hiring.verkada.com/thumbs/1500351680.jpg\\" style={{...}} />
              </div>
              <div style={{...}}>
                <img alt={1500351700} src=\\"http://hiring.verkada.com/thumbs/1500351700.jpg\\" style={{...}} />
                <img alt={1500351720} src=\\"http://hiring.verkada.com/thumbs/1500351720.jpg\\" style={{...}} />
                <img alt={1500351740} src=\\"http://hiring.verkada.com/thumbs/1500351740.jpg\\" style={{...}} />
              </div>
              <div style={{...}}>
                <img alt={1500351760} src=\\"http://hiring.verkada.com/thumbs/1500351760.jpg\\" style={{...}} />
                <img alt={1500351780} src=\\"http://hiring.verkada.com/thumbs/1500351780.jpg\\" style={{...}} />
                <img alt={1500351800} src=\\"http://hiring.verkada.com/thumbs/1500351800.jpg\\" style={{...}} />
              </div>
              <div style={{...}}>
                <img alt={1500351820} src=\\"http://hiring.verkada.com/thumbs/1500351820.jpg\\" style={{...}} />
                <img alt={1500351840} src=\\"http://hiring.verkada.com/thumbs/1500351840.jpg\\" style={{...}} />
                <img alt={1500351860} src=\\"http://hiring.verkada.com/thumbs/1500351860.jpg\\" style={{...}} />
              </div>
              <div style={{...}}>
                <img alt={1500351880} src=\\"http://hiring.verkada.com/thumbs/1500351880.jpg\\" style={{...}} />
                <img alt={1500351900} src=\\"http://hiring.verkada.com/thumbs/1500351900.jpg\\" style={{...}} />
                <img alt={1500351920} src=\\"http://hiring.verkada.com/thumbs/1500351920.jpg\\" style={{...}} />
              </div>
              <div style={{...}}>
                <img alt={1500351940} src=\\"http://hiring.verkada.com/thumbs/1500351940.jpg\\" style={{...}} />
                <img alt={1500351960} src=\\"http://hiring.verkada.com/thumbs/1500351960.jpg\\" style={{...}} />
                <img alt={1500351980} src=\\"http://hiring.verkada.com/thumbs/1500351980.jpg\\" style={{...}} />
              </div>
              <div style={{...}}>
                <img alt={1500352000} src=\\"http://hiring.verkada.com/thumbs/1500352000.jpg\\" style={{...}} />
                <img alt={1500352020} src=\\"http://hiring.verkada.com/thumbs/1500352020.jpg\\" style={{...}} />
                <img alt={1500352040} src=\\"http://hiring.verkada.com/thumbs/1500352040.jpg\\" style={{...}} />
              </div>
              <div style={{...}}>
                <img alt={1500352060} src=\\"http://hiring.verkada.com/thumbs/1500352060.jpg\\" style={{...}} />
                <img alt={1500352080} src=\\"http://hiring.verkada.com/thumbs/1500352080.jpg\\" style={{...}} />
                <img alt={1500352100} src=\\"http://hiring.verkada.com/thumbs/1500352100.jpg\\" style={{...}} />
              </div>
              <div style={{...}}>
                <img alt={1500352120} src=\\"http://hiring.verkada.com/thumbs/1500352120.jpg\\" style={{...}} />
                <img alt={1500352140} src=\\"http://hiring.verkada.com/thumbs/1500352140.jpg\\" style={{...}} />
                <img alt={1500352160} src=\\"http://hiring.verkada.com/thumbs/1500352160.jpg\\" style={{...}} />
              </div>
              <div style={{...}}>
                <img alt={1500352180} src=\\"http://hiring.verkada.com/thumbs/1500352180.jpg\\" style={{...}} />
                <img alt={1500352200} src=\\"http://hiring.verkada.com/thumbs/1500352200.jpg\\" style={{...}} />
                <img alt={1500352220} src=\\"http://hiring.verkada.com/thumbs/1500352220.jpg\\" style={{...}} />
              </div>
              <div style={{...}}>
                <img alt={1500352240} src=\\"http://hiring.verkada.com/thumbs/1500352240.jpg\\" style={{...}} />
                <img alt={1500352260} src=\\"http://hiring.verkada.com/thumbs/1500352260.jpg\\" style={{...}} />
                <img alt={1500352280} src=\\"http://hiring.verkada.com/thumbs/1500352280.jpg\\" style={{...}} />
              </div>
              <div style={{...}}>
                <img alt={1500352300} src=\\"http://hiring.verkada.com/thumbs/1500352300.jpg\\" style={{...}} />
                <img alt={1500352320} src=\\"http://hiring.verkada.com/thumbs/1500352320.jpg\\" style={{...}} />
                <img alt={1500352340} src=\\"http://hiring.verkada.com/thumbs/1500352340.jpg\\" style={{...}} />
              </div>
              <div style={{...}}>
                <img alt={1500352360} src=\\"http://hiring.verkada.com/thumbs/1500352360.jpg\\" style={{...}} />
                <img alt={1500352380} src=\\"http://hiring.verkada.com/thumbs/1500352380.jpg\\" style={{...}} />
                <img alt={1500352400} src=\\"http://hiring.verkada.com/thumbs/1500352400.jpg\\" style={{...}} />
              </div>
              <div style={{...}}>
                <img alt={1500352420} src=\\"http://hiring.verkada.com/thumbs/1500352420.jpg\\" style={{...}} />
                <img alt={1500352440} src=\\"http://hiring.verkada.com/thumbs/1500352440.jpg\\" style={{...}} />
                <img alt={1500352460} src=\\"http://hiring.verkada.com/thumbs/1500352460.jpg\\" style={{...}} />
              </div>
              <div style={{...}}>
                <img alt={1500352480} src=\\"http://hiring.verkada.com/thumbs/1500352480.jpg\\" style={{...}} />
                <img alt={1500352500} src=\\"http://hiring.verkada.com/thumbs/1500352500.jpg\\" style={{...}} />
                <img alt={1500352520} src=\\"http://hiring.verkada.com/thumbs/1500352520.jpg\\" style={{...}} />
              </div>
              <div style={{...}}>
                <img alt={1500352540} src=\\"http://hiring.verkada.com/thumbs/1500352540.jpg\\" style={{...}} />
                <img alt={1500352560} src=\\"http://hiring.verkada.com/thumbs/1500352560.jpg\\" style={{...}} />
                <img alt={1500352580} src=\\"http://hiring.verkada.com/thumbs/1500352580.jpg\\" style={{...}} />
              </div>
              <div style={{...}}>
                <img alt={1500352600} src=\\"http://hiring.verkada.com/thumbs/1500352600.jpg\\" style={{...}} />
                <img alt={1500352620} src=\\"http://hiring.verkada.com/thumbs/1500352620.jpg\\" style={{...}} />
                <img alt={1500352640} src=\\"http://hiring.verkada.com/thumbs/1500352640.jpg\\" style={{...}} />
              </div>
              <div style={{...}}>
                <img alt={1500352660} src=\\"http://hiring.verkada.com/thumbs/1500352660.jpg\\" style={{...}} />
                <img alt={1500352680} src=\\"http://hiring.verkada.com/thumbs/1500352680.jpg\\" style={{...}} />
                <img alt={1500352700} src=\\"http://hiring.verkada.com/thumbs/1500352700.jpg\\" style={{...}} />
              </div>
              <div style={{...}}>
                <img alt={1500352720} src=\\"http://hiring.verkada.com/thumbs/1500352720.jpg\\" style={{...}} />
                <img alt={1500352740} src=\\"http://hiring.verkada.com/thumbs/1500352740.jpg\\" style={{...}} />
                <img alt={1500352760} src=\\"http://hiring.verkada.com/thumbs/1500352760.jpg\\" style={{...}} />
              </div>
              <div style={{...}}>
                <img alt={1500352780} src=\\"http://hiring.verkada.com/thumbs/1500352780.jpg\\" style={{...}} />
                <img alt={1500352800} src=\\"http://hiring.verkada.com/thumbs/1500352800.jpg\\" style={{...}} />
                <img alt={1500352820} src=\\"http://hiring.verkada.com/thumbs/1500352820.jpg\\" style={{...}} />
              </div>
              <div style={{...}}>
                <img alt={1500352840} src=\\"http://hiring.verkada.com/thumbs/1500352840.jpg\\" style={{...}} />
                <img alt={1500352860} src=\\"http://hiring.verkada.com/thumbs/1500352860.jpg\\" style={{...}} />
                <img alt={1500352880} src=\\"http://hiring.verkada.com/thumbs/1500352880.jpg\\" style={{...}} />
              </div>
              <div style={{...}}>
                <img alt={1500352900} src=\\"http://hiring.verkada.com/thumbs/1500352900.jpg\\" style={{...}} />
                <img alt={1500352920} src=\\"http://hiring.verkada.com/thumbs/1500352920.jpg\\" style={{...}} />
                <img alt={1500352940} src=\\"http://hiring.verkada.com/thumbs/1500352940.jpg\\" style={{...}} />
              </div>
              <div style={{...}}>
                <img alt={1500352960} src=\\"http://hiring.verkada.com/thumbs/1500352960.jpg\\" style={{...}} />
                <img alt={1500352980} src=\\"http://hiring.verkada.com/thumbs/1500352980.jpg\\" style={{...}} />
                <img alt={1500353000} src=\\"http://hiring.verkada.com/thumbs/1500353000.jpg\\" style={{...}} />
              </div>
              <div style={{...}}>
                <img alt={1500353020} src=\\"http://hiring.verkada.com/thumbs/1500353020.jpg\\" style={{...}} />
                <img alt={1500353040} src=\\"http://hiring.verkada.com/thumbs/1500353040.jpg\\" style={{...}} />
                <img alt={1500353060} src=\\"http://hiring.verkada.com/thumbs/1500353060.jpg\\" style={{...}} />
              </div>
              <div style={{...}}>
                <img alt={1500353080} src=\\"http://hiring.verkada.com/thumbs/1500353080.jpg\\" style={{...}} />
                <img alt={1500353100} src=\\"http://hiring.verkada.com/thumbs/1500353100.jpg\\" style={{...}} />
                <img alt={1500353120} src=\\"http://hiring.verkada.com/thumbs/1500353120.jpg\\" style={{...}} />
              </div>
              <div style={{...}}>
                <img alt={1500353140} src=\\"http://hiring.verkada.com/thumbs/1500353140.jpg\\" style={{...}} />
                <img alt={1500353160} src=\\"http://hiring.verkada.com/thumbs/1500353160.jpg\\" style={{...}} />
                <img alt={1500353180} src=\\"http://hiring.verkada.com/thumbs/1500353180.jpg\\" style={{...}} />
              </div>
              <div style={{...}}>
                <img alt={1500353200} src=\\"http://hiring.verkada.com/thumbs/1500353200.jpg\\" style={{...}} />
                <img alt={1500353220} src=\\"http://hiring.verkada.com/thumbs/1500353220.jpg\\" style={{...}} />
                <img alt={1500353240} src=\\"http://hiring.verkada.com/thumbs/1500353240.jpg\\" style={{...}} />
              </div>
              <div style={{...}}>
                <img alt={1500353260} src=\\"http://hiring.verkada.com/thumbs/1500353260.jpg\\" style={{...}} />
                <img alt={1500353280} src=\\"http://hiring.verkada.com/thumbs/1500353280.jpg\\" style={{...}} />
                <img alt={1500353300} src=\\"http://hiring.verkada.com/thumbs/1500353300.jpg\\" style={{...}} />
              </div>
              <div style={{...}}>
                <img alt={1500353320} src=\\"http://hiring.verkada.com/thumbs/1500353320.jpg\\" style={{...}} />
                <img alt={1500353340} src=\\"http://hiring.verkada.com/thumbs/1500353340.jpg\\" style={{...}} />
                <img alt={1500353360} src=\\"http://hiring.verkada.com/thumbs/1500353360.jpg\\" style={{...}} />
              </div>
              <div style={{...}}>
                <img alt={1500353380} src=\\"http://hiring.verkada.com/thumbs/1500353380.jpg\\" style={{...}} />
                <img alt={1500353400} src=\\"http://hiring.verkada.com/thumbs/1500353400.jpg\\" style={{...}} />
                <img alt={1500353420} src=\\"http://hiring.verkada.com/thumbs/1500353420.jpg\\" style={{...}} />
              </div>
              <div style={{...}}>
                <img alt={1500353440} src=\\"http://hiring.verkada.com/thumbs/1500353440.jpg\\" style={{...}} />
                <img alt={1500353460} src=\\"http://hiring.verkada.com/thumbs/1500353460.jpg\\" style={{...}} />
                <img alt={1500353480} src=\\"http://hiring.verkada.com/thumbs/1500353480.jpg\\" style={{...}} />
              </div>
              <div style={{...}}>
                <img alt={1500353500} src=\\"http://hiring.verkada.com/thumbs/1500353500.jpg\\" style={{...}} />
                <img alt={1500353520} src=\\"http://hiring.verkada.com/thumbs/1500353520.jpg\\" style={{...}} />
                <img alt={1500353540} src=\\"http://hiring.verkada.com/thumbs/1500353540.jpg\\" style={{...}} />
              </div>
              <div style={{...}}>
                <img alt={1500353560} src=\\"http://hiring.verkada.com/thumbs/1500353560.jpg\\" style={{...}} />
                <img alt={1500353580} src=\\"http://hiring.verkada.com/thumbs/1500353580.jpg\\" style={{...}} />
                <img alt={1500353600} src=\\"http://hiring.verkada.com/thumbs/1500353600.jpg\\" style={{...}} />
              </div>
              <div style={{...}}>
                <img alt={1500353620} src=\\"http://hiring.verkada.com/thumbs/1500353620.jpg\\" style={{...}} />
                <img alt={1500353640} src=\\"http://hiring.verkada.com/thumbs/1500353640.jpg\\" style={{...}} />
                <img alt={1500353660} src=\\"http://hiring.verkada.com/thumbs/1500353660.jpg\\" style={{...}} />
              </div>
              <div style={{...}}>
                <img alt={1500353680} src=\\"http://hiring.verkada.com/thumbs/1500353680.jpg\\" style={{...}} />
                <img alt={1500353700} src=\\"http://hiring.verkada.com/thumbs/1500353700.jpg\\" style={{...}} />
                <img alt={1500353720} src=\\"http://hiring.verkada.com/thumbs/1500353720.jpg\\" style={{...}} />
              </div>
              <div style={{...}}>
                <img alt={1500353740} src=\\"http://hiring.verkada.com/thumbs/1500353740.jpg\\" style={{...}} />
                <img alt={1500353760} src=\\"http://hiring.verkada.com/thumbs/1500353760.jpg\\" style={{...}} />
                <img alt={1500353780} src=\\"http://hiring.verkada.com/thumbs/1500353780.jpg\\" style={{...}} />
              </div>
              <div style={{...}}>
                <img alt={1500353800} src=\\"http://hiring.verkada.com/thumbs/1500353800.jpg\\" style={{...}} />
                <img alt={1500353820} src=\\"http://hiring.verkada.com/thumbs/1500353820.jpg\\" style={{...}} />
                <img alt={1500353840} src=\\"http://hiring.verkada.com/thumbs/1500353840.jpg\\" style={{...}} />
              </div>
              <div style={{...}}>
                <img alt={1500353860} src=\\"http://hiring.verkada.com/thumbs/1500353860.jpg\\" style={{...}} />
                <img alt={1500353880} src=\\"http://hiring.verkada.com/thumbs/1500353880.jpg\\" style={{...}} />
                <img alt={1500353900} src=\\"http://hiring.verkada.com/thumbs/1500353900.jpg\\" style={{...}} />
              </div>
              <div style={{...}}>
                <img alt={1500353920} src=\\"http://hiring.verkada.com/thumbs/1500353920.jpg\\" style={{...}} />
                <img alt={1500353940} src=\\"http://hiring.verkada.com/thumbs/1500353940.jpg\\" style={{...}} />
                <img alt={1500353960} src=\\"http://hiring.verkada.com/thumbs/1500353960.jpg\\" style={{...}} />
              </div>
              <div style={{...}}>
                <img alt={1500353980} src=\\"http://hiring.verkada.com/thumbs/1500353980.jpg\\" style={{...}} />
                <img alt={1500354000} src=\\"http://hiring.verkada.com/thumbs/1500354000.jpg\\" style={{...}} />
                <img alt={1500354020} src=\\"http://hiring.verkada.com/thumbs/1500354020.jpg\\" style={{...}} />
              </div>
              <div style={{...}}>
                <img alt={1500354040} src=\\"http://hiring.verkada.com/thumbs/1500354040.jpg\\" style={{...}} />
                <img alt={1500354060} src=\\"http://hiring.verkada.com/thumbs/1500354060.jpg\\" style={{...}} />
                <img alt={1500354080} src=\\"http://hiring.verkada.com/thumbs/1500354080.jpg\\" style={{...}} />
              </div>
              <div style={{...}}>
                <img alt={1500354100} src=\\"http://hiring.verkada.com/thumbs/1500354100.jpg\\" style={{...}} />
                <img alt={1500354120} src=\\"http://hiring.verkada.com/thumbs/1500354120.jpg\\" style={{...}} />
                <img alt={1500354140} src=\\"http://hiring.verkada.com/thumbs/1500354140.jpg\\" style={{...}} />
              </div>
              <div style={{...}}>
                <img alt={1500354160} src=\\"http://hiring.verkada.com/thumbs/1500354160.jpg\\" style={{...}} />
                <img alt={1500354180} src=\\"http://hiring.verkada.com/thumbs/1500354180.jpg\\" style={{...}} />
                <img alt={1500354200} src=\\"http://hiring.verkada.com/thumbs/1500354200.jpg\\" style={{...}} />
              </div>
              <div style={{...}}>
                <img alt={1500354220} src=\\"http://hiring.verkada.com/thumbs/1500354220.jpg\\" style={{...}} />
                <img alt={1500354240} src=\\"http://hiring.verkada.com/thumbs/1500354240.jpg\\" style={{...}} />
                <img alt={1500354260} src=\\"http://hiring.verkada.com/thumbs/1500354260.jpg\\" style={{...}} />
              </div>
            </div>
          </div>
        </div>
      </Thumbsnails>
    </div>
  </div>
</App>"
`;
