// Jest Snapshot v1, https://goo.gl/fbAQLP

exports[`App should render without crashing 1`] = `
"<App>
  <div className=\\"App\\">
    <Thumbsnails allowedTimestampsIntervals={{...}} endOfListText=\\"End of List\\" interval={20} lastTimeStamp={1503031520} limit={20} loadingText=\\"Loading...\\" noResultsText=\\"No Results Found\\" startingTimeStamp={1500348260} thumbExtension=\\".jpg\\" urlPath=\\"http://hiring.verkada.com/thumbs/\\">
      <div style={{...}}>
        <img alt={1500348280} src=\\"http://hiring.verkada.com/thumbs/1500348280.jpg\\" style={{...}} />
        <img alt={1500348300} src=\\"http://hiring.verkada.com/thumbs/1500348300.jpg\\" style={{...}} />
        <img alt={1500348320} src=\\"http://hiring.verkada.com/thumbs/1500348320.jpg\\" style={{...}} />
        <img alt={1500348340} src=\\"http://hiring.verkada.com/thumbs/1500348340.jpg\\" style={{...}} />
        <img alt={1500348360} src=\\"http://hiring.verkada.com/thumbs/1500348360.jpg\\" style={{...}} />
        <img alt={1500348380} src=\\"http://hiring.verkada.com/thumbs/1500348380.jpg\\" style={{...}} />
        <img alt={1500348400} src=\\"http://hiring.verkada.com/thumbs/1500348400.jpg\\" style={{...}} />
        <img alt={1500348420} src=\\"http://hiring.verkada.com/thumbs/1500348420.jpg\\" style={{...}} />
        <img alt={1500348440} src=\\"http://hiring.verkada.com/thumbs/1500348440.jpg\\" style={{...}} />
        <img alt={1500348460} src=\\"http://hiring.verkada.com/thumbs/1500348460.jpg\\" style={{...}} />
        <img alt={1500348480} src=\\"http://hiring.verkada.com/thumbs/1500348480.jpg\\" style={{...}} />
        <img alt={1500348500} src=\\"http://hiring.verkada.com/thumbs/1500348500.jpg\\" style={{...}} />
        <img alt={1500348520} src=\\"http://hiring.verkada.com/thumbs/1500348520.jpg\\" style={{...}} />
        <img alt={1500348540} src=\\"http://hiring.verkada.com/thumbs/1500348540.jpg\\" style={{...}} />
        <img alt={1500348560} src=\\"http://hiring.verkada.com/thumbs/1500348560.jpg\\" style={{...}} />
        <img alt={1500348580} src=\\"http://hiring.verkada.com/thumbs/1500348580.jpg\\" style={{...}} />
        <img alt={1500348600} src=\\"http://hiring.verkada.com/thumbs/1500348600.jpg\\" style={{...}} />
        <img alt={1500348620} src=\\"http://hiring.verkada.com/thumbs/1500348620.jpg\\" style={{...}} />
        <img alt={1500348640} src=\\"http://hiring.verkada.com/thumbs/1500348640.jpg\\" style={{...}} />
        <img alt={1500348660} src=\\"http://hiring.verkada.com/thumbs/1500348660.jpg\\" style={{...}} />
      </div>
    </Thumbsnails>
  </div>
</App>"
`;
